EN rom NULL C:/Xilinx92i/LV4_kombinacioneKomponente/rom.vhd sub00/vhpl02 1478453442
EN mux2u12bit NULL C:/Xilinx92i/LV4_kombinacioneKomponente/mux2u12bit.vhd sub00/vhpl00 1478451164
AR mux2u12bit behavioral C:/Xilinx92i/LV4_kombinacioneKomponente/mux2u12bit.vhd sub00/vhpl01 1478451165
AR rom behavioral C:/Xilinx92i/LV4_kombinacioneKomponente/rom.vhd sub00/vhpl03 1478453443
