EN rom NULL C:/Xilinx92i/LV4_kombinacioneKomponente/rom.vhd sub00/vhpl00 1478454489
AR romtb_vhd behavior C:/Xilinx92i/LV4_kombinacioneKomponente/romtb.vhd sub00/vhpl03 1478454492
AR rom behavioral C:/Xilinx92i/LV4_kombinacioneKomponente/rom.vhd sub00/vhpl01 1478454490
EN romtb_vhd NULL C:/Xilinx92i/LV4_kombinacioneKomponente/romtb.vhd sub00/vhpl02 1478454491
